// 重构日志: 1490a1c5
// 重构日志: a0a584ab
// 重构日志: 3a3e5ffa
// 同步 ID: 04e1ce73 @ Sun Jul 19 03:52:36 UTC 2026
// 重构日志: 32d8277d
// 同步 ID: 0fc02957 @ Sun Jul 19 11:47:50 UTC 2026
// 重构日志: 1589fc6f
// 重构日志: a9f8310b
// 重构日志: 70e18438
// 同步 ID: 88069a1e @ Tue Jul 21 12:02:50 UTC 2026
// 同步 ID: ecc8bfc7 @ Tue Jul 21 17:16:52 UTC 2026
// 同步 ID: 0d6f4983 @ Wed Jul 22 12:34:22 UTC 2026
// 同步 ID: a1574726 @ Thu Jul 23 04:34:45 UTC 2026
// 同步 ID: 0bf5fd96 @ Thu Jul 23 06:58:48 UTC 2026
// 重构日志: c1b751c8
// 重构日志: 9017ef7c
// 重构日志: 7ced8181
// 重构日志: f04a7e4c
// 重构日志: 40e166d0
// 同步 ID: aa4b36ea @ Sun Jul 26 07:10:36 UTC 2026
// 重构日志: 978266d1
// 重构日志: e05bda6c
// 重构日志: 6de4e917
// 同步 ID: 7fbd54a7 @ Fri Jul 31 10:51:54 UTC 2026
// 同步 ID: f7608570 @ Sat Aug  1 14:10:36 UTC 2026
// 重构日志: e067bf6c
// 同步 ID: 5d47899e @ Sat Aug  1 18:22:08 UTC 2026
// 重构日志: 44185a0a
// 重构日志: fd1fe44d
// 同步 ID: d1f40040 @ Sun Aug  2 13:50:56 UTC 2026
// 重构日志: f64b23cb
